// Jest Snapshot v1, https://goo.gl/fbAQLP

exports[`code-pushup action pull request event should compare reports 1`] = `
"# Code PushUp

🥳 Code PushUp report has **improved** – compared target commit \`<commit-sha>\` with source commit \`<commit-sha>\`.

## 🛡️ Audits

<details>
<summary>👍 <strong>1</strong> audit improved</summary>

|🔌 Plugin|🛡️ Audit|📏 Current value|📏 Previous value|🔄 Value change|
|:--|:--|:--:|:--:|:--:|
|TypeScript migration|Source files converted from JavaScript to TypeScript|🟩 **100% converted**|🟨 50% converted|![↑ +100 %](https://img.shields.io/badge/%E2%86%91%20%2B100%E2%80%89%25-green)|


</details>
"
`;
